<html>
<body>
<pre>
<h1>µVision Build Log</h1>
<h2>Tool Versions:</h2>
IDE-Version: ¦ÌVision V5.43.1.0
Copyright (C) 2025 ARM Ltd and ARM Germany GmbH. All rights reserved.
License Information: 12 Lin, 21, LIC=BUURY-IUXRT-QDBKD-85ISB-D4AUY-KCSVP
 
Tool Versions:
Toolchain:       MDK-ARM Plus  Version: 5.43.0.0
Toolchain Path:  C:\Users\Lin\AppData\Local\Keil_v5\ARM\ARMCC\Bin
C Compiler:      Armcc.exe V5.06 update 5 (build 528)
Assembler:       Armasm.exe V5.06 update 5 (build 528)
Linker/Locator:  ArmLink.exe V5.06 update 5 (build 528)
Library Manager: ArmAr.exe V5.06 update 5 (build 528)
Hex Converter:   FromElf.exe V5.06 update 5 (build 528)
CPU DLL:         SARMCM3.DLL V5.43.0.0
Dialog DLL:      DCM.DLL V1.17.5.0
Target DLL:      STLink\ST-LINKIII-KEIL_SWO.dll V3.3.1.0
Dialog DLL:      TCM.DLL V1.56.6.0
 
<h2>Project:</h2>
C:\Users\Lin\Downloads\campus-anti-bully-version_old\campus-anti-bully-version_old\stm32Ö÷¿ØÔ´Âë\Project.uvprojx
Project File Date:  09/01/2026

<h2>Output:</h2>
*** Using Compiler 'V5.06 update 5 (build 528)', folder: 'C:\Users\Lin\AppData\Local\Keil_v5\ARM\ARMCC\Bin'
Rebuild target 'Target 1'
assembling startup_stm32f10x_md.s...
compiling core_cm3.c...
compiling stm32f10x_can.c...
compiling stm32f10x_bkp.c...
compiling stm32f10x_crc.c...
compiling system_stm32f10x.c...
compiling stm32f10x_fsmc.c...
compiling misc.c...
compiling stm32f10x_dbgmcu.c...
compiling stm32f10x_exti.c...
compiling stm32f10x_cec.c...
compiling stm32f10x_dac.c...
compiling stm32f10x_gpio.c...
compiling stm32f10x_dma.c...
compiling stm32f10x_flash.c...
compiling stm32f10x_adc.c...
compiling stm32f10x_iwdg.c...
compiling stm32f10x_i2c.c...
compiling stm32f10x_pwr.c...
compiling stm32f10x_rcc.c...
compiling stm32f10x_rtc.c...
compiling stm32f10x_sdio.c...
compiling stm32f10x_spi.c...
compiling stm32f10x_wwdg.c...
compiling Delay.c...
compiling stm32f10x_usart.c...
compiling stm32f10x_tim.c...
compiling LED.c...
compiling Key.c...
compiling Common.c...
compiling esp8266.c...
Hardware\esp8266.c(191): warning:  #192-D: unrecognized character escape sequence
  	
SP8266_GetDevID,
Hardware\esp8266.c(218): warning:  #192-D: unrecognized character escape sequence
            
SP8266_GetTime,
Hardware\esp8266.c: 2 warnings, 0 errors
compiling usart.c...
compiling Serial.c...
compiling main.c...
compiling ffsystem.c...
compiling stm32f10x_it.c...
compiling ffunicode.c...
compiling alarm.c...
compiling Time.c...
compiling MqttKit.c...
compiling tf_card.c...
compiling ff.c...
compiling sd_spi.c...
compiling diskio.c...
linking...
Program Size: Code=24040 RO-data=4876 RW-data=128 ZI-data=15032  
".\Objects\Project.axf" - 0 Error(s), 2 Warning(s).

<h2>Software Packages used:</h2>

Package Vendor: Keil
                https://www.keil.com/pack/Keil.STM32F1xx_DFP.2.4.1.pack
                Keil::STM32F1xx_DFP@2.4.1
                STMicroelectronics STM32F1 Series Device Support, Drivers and Examples

<h2>Collection of Component include folders:</h2>
  C:/Users/Lin/AppData/Local/Arm/Packs/Keil/STM32F1xx_DFP/2.4.1/Device/Include

<h2>Collection of Component Files used:</h2>
Build Time Elapsed:  00:00:03
</pre>
</body>
</html>
